Microsoft Windows [Version 10.0.17134.285]
(c) 2018 Microsoft Corporation. All rights reserved.

C:\Users\srinivasarao>cd documents

C:\Users\srinivasarao\Documents>mkdir EDWAYS APPS

C:\Users\srinivasarao\Documents>CD EDWAY APPS
The system cannot find the path specified.

C:\Users\srinivasarao\Documents>CD EDWAYS APPS
The system cannot find the path specified.

C:\Users\srinivasarao\Documents>mkdir edwayapps

C:\Users\srinivasarao\Documents>cd edwayapps

C:\Users\srinivasarao\Documents\edwayapps>dir
 Volume in drive C is ACER
 Volume Serial Number is 36E9-60B6

 Directory of C:\Users\srinivasarao\Documents\edwayapps

16/09/2018  10:47 AM    <DIR>          .
16/09/2018  10:47 AM    <DIR>          ..
               0 File(s)              0 bytes
               2 Dir(s)  197,703,278,592 bytes free

C:\Users\srinivasarao\Documents\edwayapps>git clone https://github.com/kammavasu46/EDWAY.git
Cloning into 'EDWAY'...
warning: You appear to have cloned an empty repository.

C:\Users\srinivasarao\Documents\edwayapps>dir
 Volume in drive C is ACER
 Volume Serial Number is 36E9-60B6

 Directory of C:\Users\srinivasarao\Documents\edwayapps

16/09/2018  10:48 AM    <DIR>          .
16/09/2018  10:48 AM    <DIR>          ..
16/09/2018  10:48 AM    <DIR>          EDWAY
               0 File(s)              0 bytes
               3 Dir(s)  197,701,500,928 bytes free

C:\Users\srinivasarao\Documents\edwayapps>cd EDWAY

C:\Users\srinivasarao\Documents\edwayapps\EDWAY>DIR
 Volume in drive C is ACER
 Volume Serial Number is 36E9-60B6

 Directory of C:\Users\srinivasarao\Documents\edwayapps\EDWAY

16/09/2018  10:48 AM    <DIR>          .
16/09/2018  10:48 AM    <DIR>          ..
               0 File(s)              0 bytes
               2 Dir(s)  197,699,690,496 bytes free

C:\Users\srinivasarao\Documents\edwayapps\EDWAY>git status
On branch master

No commits yet

Untracked files:
  (use "git add <file>..." to include in what will be committed)

        SRINI.txt

nothing added to commit but untracked files present (use "git add" to track)

C:\Users\srinivasarao\Documents\edwayapps\EDWAY>git add *

C:\Users\srinivasarao\Documents\edwayapps\EDWAY>git status
On branch master

No commits yet

Changes to be committed:
  (use "git rm --cached <file>..." to unstage)

        new file:   SRINI.txt


C:\Users\srinivasarao\Documents\edwayapps\EDWAY>git commit -a -m "added srini txt file"
[master (root-commit) 19fe686] added srini txt file
 1 file changed, 1 insertion(+)
 create mode 100644 SRINI.txt

C:\Users\srinivasarao\Documents\edwayapps\EDWAY>git status
On branch master
Your branch is based on 'origin/master', but the upstream is gone.
  (use "git branch --unset-upstream" to fixup)

nothing to commit, working tree clean

C:\Users\srinivasarao\Documents\edwayapps\EDWAY>git push origin https://github.com/kammavasu46/EDWAY.git
fatal: remote part of refspec is not a valid name in https://github.com/kammavasu46/EDWAY.git

C:\Users\srinivasarao\Documents\edwayapps\EDWAY>git push origin master
Counting objects: 3, done.
Writing objects: 100% (3/3), 238 bytes | 119.00 KiB/s, done.
Total 3 (delta 0), reused 0 (delta 0)
remote:
remote: Create a pull request for 'master' on GitHub by visiting:
remote:      https://github.com/kammavasu46/EDWAY/pull/new/master
remote:
To https://github.com/kammavasu46/EDWAY.git
 * [new branch]      master -> master

C:\Users\srinivasarao\Documents\edwayapps\EDWAY>